// Jest Snapshot v1, https://goo.gl/fbAQLP

exports[`Dialog renders correctly 1`] = `
<div
  className="uk-modal-dialog"
  onClick={[Function]}
>
  <a
    className="uk-modal-close uk-close"
    onClick={[Function]}
  />
  
  
  Lorem Ipsum
</div>
`;
