// Jest Snapshot v1, https://goo.gl/fbAQLP

exports[`should render correctly 1`] = `
<span
  className="uk-icon"
>
  <svg
    dangerouslySetInnerHTML={
      Object {
        "__html": "<polyline fill=\\"none\\" stroke=\\"#000\\" stroke-width=\\"1.1\\" points=\\"4,10 8,15 17,4\\"></polyline>",
      }
    }
    height={40}
    viewBox="0 0 20 20"
    width={40}
    xmlns="http://www.w3.org/2000/svg"
  />
</span>
`;

exports[`should render correctly 2`] = `
<Spinner
  className=""
/>
`;
