// Jest Snapshot v1, https://goo.gl/fbAQLP

exports[`should export 1`] = `
Array [
  "Button",
  "Dropdown",
  "Modal",
  "Notification",
  "Input",
]
`;
