// Jest Snapshot v1, https://goo.gl/fbAQLP

exports[`NotifyMesssage should render correctly 1`] = `
<div
  className="uk-notify-message"
  style={
    Object {
      "marginTop": "-64px",
      "overflow": "hidden",
      "transition": "margin ease-out 300ms",
    }
  }
>
  <a
    className="uk-close"
    onClick={[Function]}
  />
  <div
    onClick={[Function]}
  >
    <span>
      <i
        className="uk-icon-check"
      />
      Â 
    </span>
    children
  </div>
</div>
`;
