// Jest Snapshot v1, https://goo.gl/fbAQLP

exports[`Notification should render correctly 1`] = `
<Portal
  isOpened={true}
  onClose={[Function]}
>
  <div
    className="uk-notification uk-notification-top-center"
  >
    <div
      className="uk-notification-message uk-notification-message-warning"
      style={
        Object {
          "marginTop": "-64px",
          "overflow": "hidden",
          "transition": "margin ease-out 300ms",
        }
      }
    >
      <a
        className="uk-close"
        onClick={[Function]}
      />
      <div
        onClick={undefined}
      >
        <span>
          <i
            className="uk-icon-check"
          />
          Â 
        </span>
        Notification #1
      </div>
    </div>
  </div>
</Portal>
`;
